// Jest Snapshot v1, https://goo.gl/fbAQLP

exports[`NoPermissionEntry renders 1`] = `
<DocumentFragment>
  <div
    class="c-empty-state c-empty-state-animation"
  >
    <div
      class="c-empty-state-image"
    >
      <div
        class="c-empty-state-aspect-ratio"
      >
        <img
          alt="empty-state-image"
          class="aspect-ratio-item aspect-ratio-item-fluid"
          src="/app_builder/illustration_locker.svg"
        />
      </div>
    </div>
    <div
      class="c-empty-state-title"
    >
      <span
        class="text-truncate-inline"
      >
        <span
          class="text-truncate"
        >
          no-permissions
        </span>
      </span>
    </div>
    <div
      class="c-empty-state-text"
    >
      you-do-not-have-access-to-this-app-sign-in-to-access-it
    </div>
  </div>
</DocumentFragment>
`;
